---
source: src/treetop_app.rs
expression: render_ui(app)
---
     p͟i͟d͟   cpu       ram ┃ executable                                           
━━━━━━━━━━━━━━━━━━━━━━━━━╋━━━━━━━━━━━━━━━━━━━━━━━━━━━━━━━━━━━━━━━━━━━━━━━━━━━━━━
       2    0%       0MB ┃ ▶ two                                                
                                                                                
                                                                                
                                                                                
                                                                                
                                                                                
                                                                                
C͟t͟r͟l͟+͟C͟:͟ ͟Q͟u͟i͟t͟ ͟|͟ ͟↑͟↓͟ ͟:͟ ͟s͟c͟r͟o͟l͟l͟ ͟|͟ ͟E͟N͟T͟E͟R͟:͟ ͟s͟e͟l͟e͟c͟t͟ ͟p͟r͟o͟c͟e͟s͟s͟ ͟|͟ ͟/͟:͟ ͟f͟i͟l͟t͟e͟r͟ ͟p͟r͟o͟c͟e͟s͟s͟e͟s͟ ͟|͟ ͟s͟e͟a͟r͟c͟
